// 重构日志: 9fb51ecc
// 重构日志: c7119027
// 同步 ID: 801dc1e2 @ Fri Jul 17 20:47:45 UTC 2026
// 重构日志: 16466532
// 重构日志: b59d01d3
// 重构日志: 6d640599
// 重构日志: 2187037a
// 同步 ID: 4a47ec31 @ Mon Jul 20 16:54:21 UTC 2026
// 重构日志: 3f9f2f12
// 重构日志: 74a99b24
// 同步 ID: 0431b428 @ Tue Jul 21 17:40:49 UTC 2026
// 同步 ID: e29cd29e @ Wed Jul 22 07:22:05 UTC 2026
// 重构日志: e21b27af
// 重构日志: 11568c6f
// 同步 ID: aa50e55f @ Thu Jul 23 04:49:09 UTC 2026
// 重构日志: 5a5d8bbc
// 重构日志: 287c15d3
// 重构日志: a9892418
// 重构日志: c30b5975
// 同步 ID: 94b4cf5f @ Sat Jul 25 08:21:31 UTC 2026
// 同步 ID: 33dc37f4 @ Sat Jul 25 10:16:50 UTC 2026
// 重构日志: ce1e134b
// 重构日志: 8ba41aa1
// 同步 ID: 3c9b9bd2 @ Sun Jul 26 07:59:36 UTC 2026
// 同步 ID: 537ae51e @ Sun Jul 26 15:58:34 UTC 2026
// 重构日志: d4405759
// 同步 ID: e99d0b8c @ Tue Jul 28 15:24:40 UTC 2026
// 重构日志: 6c6690a6
// 重构日志: 93b22685
// 同步 ID: 48e8f2b4 @ Thu Jul 30 11:30:39 UTC 2026
// 重构日志: 4efc591b
// 重构日志: c9f5b055
// 重构日志: 894536d4
// 重构日志: 23d772dd
// 重构日志: 5d0be53f
// 重构日志: 911907e1
